./ch02/README
./ch02/_1.txt
./ch02/_break
./ch02/_if
./ch02/_set
./ch02/_shift
./ch02/_trap
./ch02/_unset
./ch02/_until
./ch02/and_list
./ch02/app/cd_db
./ch02/app/title.cdb
./ch02/app/tracks.cdb
./ch02/arith
./ch02/case1
./ch02/case2
./ch02/case3
./ch02/classic
./ch02/colon
./ch02/cont1
./ch02/cont2
./ch02/elif1
./ch02/elif2
./ch02/elif3
./ch02/export1
./ch02/export2
./ch02/first
./ch02/for1
./ch02/for2
./ch02/function
./ch02/gquestions
./ch02/here1
./ch02/here2
./ch02/latest
./ch02/local
./ch02/my_name
./ch02/or_list
./ch02/param
./ch02/questions
./ch02/textfile
./ch02/try_var
./ch02/trycond
./ch02/variable
./ch02/while1
./ch02/while2
./ch02/words.txt
./ch02/words2.txt
./ch03/Makefile
./ch03/README
./ch03/copy_block.c
./ch03/copy_stdio.c
./ch03/copy_system.c
./ch03/draft1.txt
./ch03/draft2.txt
./ch03/file.in
./ch03/mmap.c
./ch03/printdir.c
./ch03/printdir2.c
./ch03/simple_read.c
./ch03/simple_write.c
./ch04/Makefile
./ch04/README
./ch04/argopt.c
./ch04/args.c
./ch04/ctime.c
./ch04/environ.c
./ch04/envtime.c
./ch04/gmtime.c
./ch04/hostget.c
./ch04/limits.c
./ch04/logmask.c
./ch04/longopt.c
./ch04/showenv.c
./ch04/strftime.c
./ch04/syslog.c
./ch04/tmpnam.c
./ch04/user.c
./ch05/Makefile
./ch05/README
./ch05/badterm.c
./ch05/kbhit.c
./ch05/menu1.c
./ch05/menu2.c
./ch05/menu3.c
./ch05/menu4.c
./ch05/menu5.c
./ch05/password.c
./ch05/save_stty
./ch05/sizeterm.c
./ch06/Makefile
./ch06/README
./ch06/app/Makefile
./ch06/app/curses_app.c
./ch06/color.c
./ch06/ipmode.c
./ch06/keypad.c
./ch06/moveadd.c
./ch06/multiw1.c
./ch06/pad.c
./ch06/screen1.c
./ch06/subscl.c
./ch07/Makefile
./ch07/README
./ch07/app/Makefile
./ch07/app/access.c
./ch07/app/app_ui.c
./ch07/app/cd_data.h
./ch07/dbm1.c
./ch07/dbm2.c
./ch07/lock1.c
./ch07/lock2.c
./ch07/lock3.c
./ch07/lock4.c
./ch07/lock5.c
./ch07/memory1.c
./ch07/memory2.c
./ch07/memory3.c
./ch07/memory4.c
./ch07/memory5a.c
./ch07/memory5b.c
./ch07/memory6.c
./ch08/Makefile
./ch08/README
./ch08/app/Makefile
./ch08/app/app_mysql.c
./ch08/app/app_mysql.h
./ch08/app/app_test.c
./ch08/app/create_tables.sql
./ch08/app/insert_data.sql
./ch08/app/pop_tables.sql
./ch08/connect1.c
./ch08/connect2.c
./ch08/create_children.sql
./ch08/insert1.c
./ch08/insert2.c
./ch08/select1.c
./ch08/select2.c
./ch08/select3.c
./ch08/select4.c
./ch08/update1.c
./ch09/2.c
./ch09/3.c
./ch09/Makefile
./ch09/Makefile1
./ch09/Makefile2
./ch09/Makefile3
./ch09/Makefile4
./ch09/Makefile5
./ch09/Makefile6
./ch09/README
./ch09/a.h
./ch09/b.h
./ch09/c.h
./ch09/cvs-sp/Makefile
./ch09/cvs-sp/hello.c
./ch09/cvs-sp/junk/wrox/CVS/Entries
./ch09/cvs-sp/junk/wrox/CVS/Entries.Static
./ch09/cvs-sp/junk/wrox/CVS/Repository
./ch09/cvs-sp/junk/wrox/CVS/Root
./ch09/cvs-sp/junk/wrox/chap9-cvs/CVS/Entries
./ch09/cvs-sp/junk/wrox/chap9-cvs/CVS/Repository
./ch09/cvs-sp/junk/wrox/chap9-cvs/CVS/Root
./ch09/cvs-sp/junk/wrox/chap9-cvs/Makefile
./ch09/cvs-sp/junk/wrox/chap9-cvs/hello.c
./ch09/file1
./ch09/file2
./ch09/foo.c
./ch09/import1.c
./ch09/import2.c
./ch09/import3.c
./ch09/important.c,v
./ch09/main.c
./ch09/myapp-1.0/2.c
./ch09/myapp-1.0/3.c
./ch09/myapp-1.0/Makefile
./ch09/myapp-1.0/a.h
./ch09/myapp-1.0/b.h
./ch09/myapp-1.0/c.h
./ch09/myapp-1.0/foo.c
./ch09/myapp-1.0/import1.c
./ch09/myapp-1.0/import2.c
./ch09/myapp-1.0/import3.c
./ch09/myapp-1.0/main.c
./ch09/myapp-1.0/myapp.1
./ch09/myapp.1
./ch09/myapp.spec
./ch10/Makefile
./ch10/README
./ch10/assert.c
./ch10/checker.c
./ch10/cinfo.c
./ch10/debug0.c
./ch10/debug1.c
./ch10/debug2.c
./ch10/debug3.c
./ch10/debug4.c
./ch10/efence.c
./ch11/Makefile
./ch11/README
./ch11/alarm.c
./ch11/ctrlc1.c
./ch11/ctrlc2.c
./ch11/file.txt
./ch11/fork1.c
./ch11/fork2.c
./ch11/pexec.c
./ch11/system1.c
./ch11/system2.c
./ch11/upper.c
./ch11/useupper.c
./ch11/wait.c
./ch12/Makefile
./ch12/README
./ch12/makefile-explicit
./ch12/thread1.c
./ch12/thread2.c
./ch12/thread3.c
./ch12/thread3a.c
./ch12/thread4.c
./ch12/thread5.c
./ch12/thread6.c
./ch12/thread6a.c
./ch12/thread7.c
./ch12/thread8.c
./ch12/thread8a.c
./ch13/Makefile
./ch13/README
./ch13/app/Makefile
./ch13/app/app_ui.c
./ch13/app/cd_data.h
./ch13/app/cd_dbm.c
./ch13/app/clientif.c
./ch13/app/cliserv.h
./ch13/app/pipe_imp.c
./ch13/app/server.c
./ch13/client.c
./ch13/client.h
./ch13/fifo1.c
./ch13/fifo2.c
./ch13/fifo3.c
./ch13/fifo4.c
./ch13/pipe1.c
./ch13/pipe2.c
./ch13/pipe3.c
./ch13/pipe4.c
./ch13/pipe5.c
./ch13/popen1.c
./ch13/popen2.c
./ch13/popen3.c
./ch13/popen4.c
./ch13/server.c
./ch14/Makefile
./ch14/README
./ch14/app/Makefile
./ch14/app/app_ui.c
./ch14/app/cd_data.h
./ch14/app/cd_dbm.c
./ch14/app/clientif.c
./ch14/app/cliserv.h
./ch14/app/ipc_imp.c
./ch14/app/server.c
./ch14/msg1.c
./ch14/msg2.c
./ch14/sem1.c
./ch14/semun.h
./ch14/shm1.c
./ch14/shm2.c
./ch14/shm_com.h
./ch15/Makefile
./ch15/README
./ch15/client1.c
./ch15/client2.c
./ch15/client3.c
./ch15/getdate-udp.c
./ch15/getdate.c
./ch15/getname.c
./ch15/select.c
./ch15/server1.c
./ch15/server2.c
./ch15/server3.c
./ch15/server4.c
./ch15/server5.c
./ch16/app/Makefile
./ch16/app/app_gnome.h
./ch16/app/app_mysql.c
./ch16/app/app_mysql.h
./ch16/app/callbacks.c
./ch16/app/interface.c
./ch16/app/main.c
./ch16/buttons.c
./ch16/container.c
./ch16/entry.c
./ch16/gnome1.c
./ch16/gtk1.c
./ch16/gtk2.c
./ch16/menu1.c
./ch16/menu2.c
./ch16/spin.c
./ch16/tree.c
./ch17/ButtonWindow.cpp
./ch17/ButtonWindow.h
./ch17/Buttons.cpp
./ch17/Buttons.h
./ch17/ComboBox.cpp
./ch17/ComboBox.h
./ch17/LayoutWindow.cpp
./ch17/LayoutWindow.h
./ch17/LineEdit.cpp
./ch17/LineEdit.h
./ch17/ListView.cpp
./ch17/ListView.h
./ch17/kde/cdapp/AddCdDialog.cpp
./ch17/kde/cdapp/AddCdDialog.h
./ch17/kde/cdapp/LogonDialog.cpp
./ch17/kde/cdapp/LogonDialog.h
./ch17/kde/cdapp/MainWindow.cpp
./ch17/kde/cdapp/MainWindow.h
./ch17/kde/cdapp/Makefile
./ch17/kde/cdapp/README
./ch17/kde/cdapp/app_mysql.cpp
./ch17/kde/cdapp/app_mysql.h
./ch17/kde/cdapp/cdapp.pro
./ch17/kde/cdapp/main.cpp
./ch17/kde/menus/KDEMenu.cpp
./ch17/kde/menus/KDEMenu.h
./ch17/kde/menus/Makefile
./ch17/kde/menus/README
./ch17/kde/menus/menu.pro
./ch17/qt1.cpp
